Archive member included to satisfy reference by file (symbol)

c:/program files (x86)/atmel/studio/7.0/toolchain/avr8/avr8-gnu-toolchain/bin/../lib/gcc/avr/5.4.0/avr5\libgcc.a(_exit.o)
                              C:/Program Files (x86)/Atmel/Studio/7.0/Packs/atmel/ATmega_DFP/1.7.374/gcc/dev/atmega32a/avr5/crtatmega32a.o (exit)
c:/program files (x86)/atmel/studio/7.0/toolchain/avr8/avr8-gnu-toolchain/bin/../lib/gcc/avr/5.4.0/avr5\libgcc.a(_clear_bss.o)
                              ECUAL/traffic_light/traffic.o (__do_clear_bss)

Discarded input sections

 .data          0x00000000        0x0 C:/Program Files (x86)/Atmel/Studio/7.0/Packs/atmel/ATmega_DFP/1.7.374/gcc/dev/atmega32a/avr5/crtatmega32a.o
 .bss           0x00000000        0x0 C:/Program Files (x86)/Atmel/Studio/7.0/Packs/atmel/ATmega_DFP/1.7.374/gcc/dev/atmega32a/avr5/crtatmega32a.o
 .text          0x00000000        0x0 APP/app.o
 .data          0x00000000        0x0 APP/app.o
 .bss           0x00000000        0x0 APP/app.o
 .text          0x00000000        0x0 ECUAL/leds/led.o
 .data          0x00000000        0x0 ECUAL/leds/led.o
 .bss           0x00000000        0x0 ECUAL/leds/led.o
 .text          0x00000000        0x0 ECUAL/push button/button.o
 .data          0x00000000        0x0 ECUAL/push button/button.o
 .bss           0x00000000        0x0 ECUAL/push button/button.o
 .text.Button_Init
                0x00000000        0x8 ECUAL/push button/button.o
 .text.BUTTON_READ
                0x00000000        0x6 ECUAL/push button/button.o
 .debug_info    0x00000000      0x15f ECUAL/push button/button.o
 .debug_abbrev  0x00000000       0x94 ECUAL/push button/button.o
 .debug_loc     0x00000000       0xaa ECUAL/push button/button.o
 .debug_aranges
                0x00000000       0x28 ECUAL/push button/button.o
 .debug_ranges  0x00000000       0x18 ECUAL/push button/button.o
 .debug_line    0x00000000       0xce ECUAL/push button/button.o
 .debug_str     0x00000000      0x1cf ECUAL/push button/button.o
 .comment       0x00000000       0x31 ECUAL/push button/button.o
 .debug_frame   0x00000000       0x34 ECUAL/push button/button.o
 .text          0x00000000        0x0 ECUAL/traffic_light/traffic.o
 .data          0x00000000        0x0 ECUAL/traffic_light/traffic.o
 .bss           0x00000000        0x0 ECUAL/traffic_light/traffic.o
 .bss.buttonClick
                0x00000000        0x1 ECUAL/traffic_light/traffic.o
 .bss.Yellow_is_blinking
                0x00000000        0x1 ECUAL/traffic_light/traffic.o
 .text          0x00000000        0x0 main.o
 .data          0x00000000        0x0 main.o
 .bss           0x00000000        0x0 main.o
 .text.Testing_Timers
                0x00000000       0x32 main.o
 .text.Test_INT
                0x00000000       0x22 main.o
 .text.Testing_Push_Button_and_LEDS
                0x00000000       0x46 main.o
 .text          0x00000000        0x0 MCAL/GPIO/Gpio.o
 .data          0x00000000        0x0 MCAL/GPIO/Gpio.o
 .bss           0x00000000        0x0 MCAL/GPIO/Gpio.o
 .text.DIO_read
                0x00000000       0x7c MCAL/GPIO/Gpio.o
 .text.DIO_setupPortDirection
                0x00000000       0x20 MCAL/GPIO/Gpio.o
 .text.DIO_writePort
                0x00000000       0x20 MCAL/GPIO/Gpio.o
 .text.DIO_readPort
                0x00000000       0x24 MCAL/GPIO/Gpio.o
 .text          0x00000000        0x0 MCAL/INT/int.o
 .data          0x00000000        0x0 MCAL/INT/int.o
 .bss           0x00000000        0x0 MCAL/INT/int.o
 .text.Exi0Disable
                0x00000000        0x8 MCAL/INT/int.o
 .text          0x00000000        0x0 MCAL/TIMER/timer.o
 .data          0x00000000        0x0 MCAL/TIMER/timer.o
 .bss           0x00000000        0x0 MCAL/TIMER/timer.o
 .text          0x00000000        0x0 c:/program files (x86)/atmel/studio/7.0/toolchain/avr8/avr8-gnu-toolchain/bin/../lib/gcc/avr/5.4.0/avr5\libgcc.a(_exit.o)
 .data          0x00000000        0x0 c:/program files (x86)/atmel/studio/7.0/toolchain/avr8/avr8-gnu-toolchain/bin/../lib/gcc/avr/5.4.0/avr5\libgcc.a(_exit.o)
 .bss           0x00000000        0x0 c:/program files (x86)/atmel/studio/7.0/toolchain/avr8/avr8-gnu-toolchain/bin/../lib/gcc/avr/5.4.0/avr5\libgcc.a(_exit.o)
 .text.libgcc.mul
                0x00000000        0x0 c:/program files (x86)/atmel/studio/7.0/toolchain/avr8/avr8-gnu-toolchain/bin/../lib/gcc/avr/5.4.0/avr5\libgcc.a(_exit.o)
 .text.libgcc.div
                0x00000000        0x0 c:/program files (x86)/atmel/studio/7.0/toolchain/avr8/avr8-gnu-toolchain/bin/../lib/gcc/avr/5.4.0/avr5\libgcc.a(_exit.o)
 .text.libgcc   0x00000000        0x0 c:/program files (x86)/atmel/studio/7.0/toolchain/avr8/avr8-gnu-toolchain/bin/../lib/gcc/avr/5.4.0/avr5\libgcc.a(_exit.o)
 .text.libgcc.prologue
                0x00000000        0x0 c:/program files (x86)/atmel/studio/7.0/toolchain/avr8/avr8-gnu-toolchain/bin/../lib/gcc/avr/5.4.0/avr5\libgcc.a(_exit.o)
 .text.libgcc.builtins
                0x00000000        0x0 c:/program files (x86)/atmel/studio/7.0/toolchain/avr8/avr8-gnu-toolchain/bin/../lib/gcc/avr/5.4.0/avr5\libgcc.a(_exit.o)
 .text.libgcc.fmul
                0x00000000        0x0 c:/program files (x86)/atmel/studio/7.0/toolchain/avr8/avr8-gnu-toolchain/bin/../lib/gcc/avr/5.4.0/avr5\libgcc.a(_exit.o)
 .text.libgcc.fixed
                0x00000000        0x0 c:/program files (x86)/atmel/studio/7.0/toolchain/avr8/avr8-gnu-toolchain/bin/../lib/gcc/avr/5.4.0/avr5\libgcc.a(_exit.o)
 .text          0x00000000        0x0 c:/program files (x86)/atmel/studio/7.0/toolchain/avr8/avr8-gnu-toolchain/bin/../lib/gcc/avr/5.4.0/avr5\libgcc.a(_clear_bss.o)
 .data          0x00000000        0x0 c:/program files (x86)/atmel/studio/7.0/toolchain/avr8/avr8-gnu-toolchain/bin/../lib/gcc/avr/5.4.0/avr5\libgcc.a(_clear_bss.o)
 .bss           0x00000000        0x0 c:/program files (x86)/atmel/studio/7.0/toolchain/avr8/avr8-gnu-toolchain/bin/../lib/gcc/avr/5.4.0/avr5\libgcc.a(_clear_bss.o)
 .text.libgcc.mul
                0x00000000        0x0 c:/program files (x86)/atmel/studio/7.0/toolchain/avr8/avr8-gnu-toolchain/bin/../lib/gcc/avr/5.4.0/avr5\libgcc.a(_clear_bss.o)
 .text.libgcc.div
                0x00000000        0x0 c:/program files (x86)/atmel/studio/7.0/toolchain/avr8/avr8-gnu-toolchain/bin/../lib/gcc/avr/5.4.0/avr5\libgcc.a(_clear_bss.o)
 .text.libgcc   0x00000000        0x0 c:/program files (x86)/atmel/studio/7.0/toolchain/avr8/avr8-gnu-toolchain/bin/../lib/gcc/avr/5.4.0/avr5\libgcc.a(_clear_bss.o)
 .text.libgcc.prologue
                0x00000000        0x0 c:/program files (x86)/atmel/studio/7.0/toolchain/avr8/avr8-gnu-toolchain/bin/../lib/gcc/avr/5.4.0/avr5\libgcc.a(_clear_bss.o)
 .text.libgcc.builtins
                0x00000000        0x0 c:/program files (x86)/atmel/studio/7.0/toolchain/avr8/avr8-gnu-toolchain/bin/../lib/gcc/avr/5.4.0/avr5\libgcc.a(_clear_bss.o)
 .text.libgcc.fmul
                0x00000000        0x0 c:/program files (x86)/atmel/studio/7.0/toolchain/avr8/avr8-gnu-toolchain/bin/../lib/gcc/avr/5.4.0/avr5\libgcc.a(_clear_bss.o)
 .text.libgcc.fixed
                0x00000000        0x0 c:/program files (x86)/atmel/studio/7.0/toolchain/avr8/avr8-gnu-toolchain/bin/../lib/gcc/avr/5.4.0/avr5\libgcc.a(_clear_bss.o)

Memory Configuration

Name             Origin             Length             Attributes
text             0x00000000         0x00008000         xr
data             0x00800060         0x00000800         rw !x
eeprom           0x00810000         0x00000400         rw !x
fuse             0x00820000         0x00000002         rw !x
lock             0x00830000         0x00000400         rw !x
signature        0x00840000         0x00000400         rw !x
user_signatures  0x00850000         0x00000400         rw !x
*default*        0x00000000         0xffffffff

Linker script and memory map

LOAD C:/Program Files (x86)/Atmel/Studio/7.0/Packs/atmel/ATmega_DFP/1.7.374/gcc/dev/atmega32a/avr5/crtatmega32a.o
LOAD APP/app.o
LOAD ECUAL/leds/led.o
LOAD ECUAL/push button/button.o
LOAD ECUAL/traffic_light/traffic.o
LOAD main.o
LOAD MCAL/GPIO/Gpio.o
LOAD MCAL/INT/int.o
LOAD MCAL/TIMER/timer.o
START GROUP
LOAD c:/program files (x86)/atmel/studio/7.0/toolchain/avr8/avr8-gnu-toolchain/bin/../lib/gcc/avr/5.4.0/../../../../avr/lib/avr5\libm.a
END GROUP
START GROUP
LOAD c:/program files (x86)/atmel/studio/7.0/toolchain/avr8/avr8-gnu-toolchain/bin/../lib/gcc/avr/5.4.0/avr5\libgcc.a
LOAD c:/program files (x86)/atmel/studio/7.0/toolchain/avr8/avr8-gnu-toolchain/bin/../lib/gcc/avr/5.4.0/../../../../avr/lib/avr5\libm.a
LOAD c:/program files (x86)/atmel/studio/7.0/toolchain/avr8/avr8-gnu-toolchain/bin/../lib/gcc/avr/5.4.0/../../../../avr/lib/avr5\libc.a
LOAD C:/Program Files (x86)/Atmel/Studio/7.0/Packs/atmel/ATmega_DFP/1.7.374/gcc/dev/atmega32a/avr5\libatmega32a.a
END GROUP
                [0x00000000]                __TEXT_REGION_ORIGIN__ = DEFINED (__TEXT_REGION_ORIGIN__)?__TEXT_REGION_ORIGIN__:0x0
                [0x00800060]                __DATA_REGION_ORIGIN__ = DEFINED (__DATA_REGION_ORIGIN__)?__DATA_REGION_ORIGIN__:0x800060
                [0x00008000]                __TEXT_REGION_LENGTH__ = DEFINED (__TEXT_REGION_LENGTH__)?__TEXT_REGION_LENGTH__:0x20000
                [0x00000800]                __DATA_REGION_LENGTH__ = DEFINED (__DATA_REGION_LENGTH__)?__DATA_REGION_LENGTH__:0xffa0
                [0x00000400]                __EEPROM_REGION_LENGTH__ = DEFINED (__EEPROM_REGION_LENGTH__)?__EEPROM_REGION_LENGTH__:0x10000
                [0x00000002]                __FUSE_REGION_LENGTH__ = DEFINED (__FUSE_REGION_LENGTH__)?__FUSE_REGION_LENGTH__:0x400
                0x00000400                __LOCK_REGION_LENGTH__ = DEFINED (__LOCK_REGION_LENGTH__)?__LOCK_REGION_LENGTH__:0x400
                0x00000400                __SIGNATURE_REGION_LENGTH__ = DEFINED (__SIGNATURE_REGION_LENGTH__)?__SIGNATURE_REGION_LENGTH__:0x400
                0x00000400                __USER_SIGNATURE_REGION_LENGTH__ = DEFINED (__USER_SIGNATURE_REGION_LENGTH__)?__USER_SIGNATURE_REGION_LENGTH__:0x400

.hash
 *(.hash)

.dynsym
 *(.dynsym)

.dynstr
 *(.dynstr)

.gnu.version
 *(.gnu.version)

.gnu.version_d
 *(.gnu.version_d)

.gnu.version_r
 *(.gnu.version_r)

.rel.init
 *(.rel.init)

.rela.init
 *(.rela.init)

.rel.text
 *(.rel.text)
 *(.rel.text.*)
 *(.rel.gnu.linkonce.t*)

.rela.text
 *(.rela.text)
 *(.rela.text.*)
 *(.rela.gnu.linkonce.t*)

.rel.fini
 *(.rel.fini)

.rela.fini
 *(.rela.fini)

.rel.rodata
 *(.rel.rodata)
 *(.rel.rodata.*)
 *(.rel.gnu.linkonce.r*)

.rela.rodata
 *(.rela.rodata)
 *(.rela.rodata.*)
 *(.rela.gnu.linkonce.r*)

.rel.data
 *(.rel.data)
 *(.rel.data.*)
 *(.rel.gnu.linkonce.d*)

.rela.data
 *(.rela.data)
 *(.rela.data.*)
 *(.rela.gnu.linkonce.d*)

.rel.ctors
 *(.rel.ctors)

.rela.ctors
 *(.rela.ctors)

.rel.dtors
 *(.rel.dtors)

.rela.dtors
 *(.rela.dtors)

.rel.got
 *(.rel.got)

.rela.got
 *(.rela.got)

.rel.bss
 *(.rel.bss)

.rela.bss
 *(.rela.bss)

.rel.plt
 *(.rel.plt)

.rela.plt
 *(.rela.plt)

.text           0x00000000      0x5ba
 *(.vectors)
 .vectors       0x00000000       0x54 C:/Program Files (x86)/Atmel/Studio/7.0/Packs/atmel/ATmega_DFP/1.7.374/gcc/dev/atmega32a/avr5/crtatmega32a.o
                0x00000000                __vector_default
                0x00000000                __vectors
 *(.vectors)
 *(.progmem.gcc*)
                0x00000054                . = ALIGN (0x2)
                0x00000054                __trampolines_start = .
 *(.trampolines)
 .trampolines   0x00000054        0x0 linker stubs
 *(.trampolines*)
                0x00000054                __trampolines_end = .
 *libprintf_flt.a:*(.progmem.data)
 *libc.a:*(.progmem.data)
 *(.progmem*)
                0x00000054                . = ALIGN (0x2)
 *(.jumptables)
 *(.jumptables*)
 *(.lowtext)
 *(.lowtext*)
                0x00000054                __ctors_start = .
 *(.ctors)
                0x00000054                __ctors_end = .
                0x00000054                __dtors_start = .
 *(.dtors)
                0x00000054                __dtors_end = .
 SORT(*)(.ctors)
 SORT(*)(.dtors)
 *(.init0)
 .init0         0x00000054        0x0 C:/Program Files (x86)/Atmel/Studio/7.0/Packs/atmel/ATmega_DFP/1.7.374/gcc/dev/atmega32a/avr5/crtatmega32a.o
                0x00000054                __init
 *(.init0)
 *(.init1)
 *(.init1)
 *(.init2)
 .init2         0x00000054        0xc C:/Program Files (x86)/Atmel/Studio/7.0/Packs/atmel/ATmega_DFP/1.7.374/gcc/dev/atmega32a/avr5/crtatmega32a.o
 *(.init2)
 *(.init3)
 *(.init3)
 *(.init4)
 .init4         0x00000060       0x10 c:/program files (x86)/atmel/studio/7.0/toolchain/avr8/avr8-gnu-toolchain/bin/../lib/gcc/avr/5.4.0/avr5\libgcc.a(_clear_bss.o)
                0x00000060                __do_clear_bss
 *(.init4)
 *(.init5)
 *(.init5)
 *(.init6)
 *(.init6)
 *(.init7)
 *(.init7)
 *(.init8)
 *(.init8)
 *(.init9)
 .init9         0x00000070        0x8 C:/Program Files (x86)/Atmel/Studio/7.0/Packs/atmel/ATmega_DFP/1.7.374/gcc/dev/atmega32a/avr5/crtatmega32a.o
 *(.init9)
 *(.text)
 .text          0x00000078        0x4 C:/Program Files (x86)/Atmel/Studio/7.0/Packs/atmel/ATmega_DFP/1.7.374/gcc/dev/atmega32a/avr5/crtatmega32a.o
                0x00000078                __vector_12
                0x00000078                __bad_interrupt
                0x00000078                __vector_6
                0x00000078                __vector_3
                0x00000078                __vector_11
                0x00000078                __vector_13
                0x00000078                __vector_17
                0x00000078                __vector_19
                0x00000078                __vector_7
                0x00000078                __vector_5
                0x00000078                __vector_4
                0x00000078                __vector_9
                0x00000078                __vector_2
                0x00000078                __vector_15
                0x00000078                __vector_8
                0x00000078                __vector_14
                0x00000078                __vector_10
                0x00000078                __vector_16
                0x00000078                __vector_18
                0x00000078                __vector_20
                0x0000007c                . = ALIGN (0x2)
 *(.text.*)
 .text.app_inits
                0x0000007c        0x6 APP/app.o
                0x0000007c                app_inits
 .text.app_start
                0x00000082        0x6 APP/app.o
                0x00000082                app_start
 .text.__vector_1
                0x00000088       0x48 APP/app.o
                0x00000088                __vector_1
 .text.ledInit  0x000000d0        0x8 ECUAL/leds/led.o
                0x000000d0                ledInit
 .text.ledOn    0x000000d8        0x8 ECUAL/leds/led.o
                0x000000d8                ledOn
 .text.ledOff   0x000000e0        0x8 ECUAL/leds/led.o
                0x000000e0                ledOff
 .text.ledToggle
                0x000000e8        0x6 ECUAL/leds/led.o
                0x000000e8                ledToggle
 .text.traffic_init
                0x000000ee       0x3a ECUAL/traffic_light/traffic.o
                0x000000ee                traffic_init
 .text.traffic_nornal
                0x00000128      0x112 ECUAL/traffic_light/traffic.o
                0x00000128                traffic_nornal
 .text.traffic_ped
                0x0000023a       0xf2 ECUAL/traffic_light/traffic.o
                0x0000023a                traffic_ped
 .text.main     0x0000032c        0xa main.o
                0x0000032c                main
 .text.DIO_init
                0x00000336       0xda MCAL/GPIO/Gpio.o
                0x00000336                DIO_init
 .text.DIO_write
                0x00000410       0xda MCAL/GPIO/Gpio.o
                0x00000410                DIO_write
 .text.DIO_toggle
                0x000004ea       0x68 MCAL/GPIO/Gpio.o
                0x000004ea                DIO_toggle
 .text.Exi0Init
                0x00000552       0x1e MCAL/INT/int.o
                0x00000552                Exi0Init
 .text.Exi0Enable
                0x00000570        0x8 MCAL/INT/int.o
                0x00000570                Exi0Enable
 .text.Timer0_Delay
                0x00000578       0x3e MCAL/TIMER/timer.o
                0x00000578                Timer0_Delay
                0x000005b6                . = ALIGN (0x2)
 *(.fini9)
 .fini9         0x000005b6        0x0 c:/program files (x86)/atmel/studio/7.0/toolchain/avr8/avr8-gnu-toolchain/bin/../lib/gcc/avr/5.4.0/avr5\libgcc.a(_exit.o)
                0x000005b6                _exit
                0x000005b6                exit
 *(.fini9)
 *(.fini8)
 *(.fini8)
 *(.fini7)
 *(.fini7)
 *(.fini6)
 *(.fini6)
 *(.fini5)
 *(.fini5)
 *(.fini4)
 *(.fini4)
 *(.fini3)
 *(.fini3)
 *(.fini2)
 *(.fini2)
 *(.fini1)
 *(.fini1)
 *(.fini0)
 .fini0         0x000005b6        0x4 c:/program files (x86)/atmel/studio/7.0/toolchain/avr8/avr8-gnu-toolchain/bin/../lib/gcc/avr/5.4.0/avr5\libgcc.a(_exit.o)
 *(.fini0)
                0x000005ba                _etext = .

.data           0x00800060        0x0 load address 0x000005ba
                [!provide]                PROVIDE (__data_start, .)
 *(.data)
 *(.data*)
 *(.gnu.linkonce.d*)
 *(.rodata)
 *(.rodata*)
 *(.gnu.linkonce.r*)
                0x00800060                . = ALIGN (0x2)
                0x00800060                _edata = .
                [!provide]                PROVIDE (__data_end, .)

.bss            0x00800060        0x4
                0x00800060                PROVIDE (__bss_start, .)
 *(.bss)
 *(.bss*)
 .bss.counter   0x00800060        0x1 ECUAL/traffic_light/traffic.o
                0x00800060                counter
 .bss.green_flag
                0x00800061        0x1 ECUAL/traffic_light/traffic.o
                0x00800061                green_flag
 .bss.yellow_flag
                0x00800062        0x1 ECUAL/traffic_light/traffic.o
                0x00800062                yellow_flag
 .bss.red_flag  0x00800063        0x1 ECUAL/traffic_light/traffic.o
                0x00800063                red_flag
 *(COMMON)
                0x00800064                PROVIDE (__bss_end, .)
                0x000005ba                __data_load_start = LOADADDR (.data)
                0x000005ba                __data_load_end = (__data_load_start + SIZEOF (.data))

.noinit         0x00800064        0x0
                [!provide]                PROVIDE (__noinit_start, .)
 *(.noinit*)
                [!provide]                PROVIDE (__noinit_end, .)
                0x00800064                _end = .
                [!provide]                PROVIDE (__heap_start, .)

.eeprom         0x00810000        0x0
 *(.eeprom*)
                0x00810000                __eeprom_end = .

.fuse
 *(.fuse)
 *(.lfuse)
 *(.hfuse)
 *(.efuse)

.lock
 *(.lock*)

.signature
 *(.signature*)

.user_signatures
 *(.user_signatures*)

.stab
 *(.stab)

.stabstr
 *(.stabstr)

.stab.excl
 *(.stab.excl)

.stab.exclstr
 *(.stab.exclstr)

.stab.index
 *(.stab.index)

.stab.indexstr
 *(.stab.indexstr)

.comment        0x00000000       0x30
 *(.comment)
 .comment       0x00000000       0x30 APP/app.o
                                 0x31 (size before relaxing)
 .comment       0x00000030       0x31 ECUAL/leds/led.o
 .comment       0x00000030       0x31 ECUAL/traffic_light/traffic.o
 .comment       0x00000030       0x31 main.o
 .comment       0x00000030       0x31 MCAL/GPIO/Gpio.o
 .comment       0x00000030       0x31 MCAL/INT/int.o
 .comment       0x00000030       0x31 MCAL/TIMER/timer.o

.note.gnu.avr.deviceinfo
                0x00000000       0x3c
 .note.gnu.avr.deviceinfo
                0x00000000       0x3c C:/Program Files (x86)/Atmel/Studio/7.0/Packs/atmel/ATmega_DFP/1.7.374/gcc/dev/atmega32a/avr5/crtatmega32a.o

.note.gnu.build-id
 *(.note.gnu.build-id)

.debug
 *(.debug)

.line
 *(.line)

.debug_srcinfo
 *(.debug_srcinfo)

.debug_sfnames
 *(.debug_sfnames)

.debug_aranges  0x00000000      0x170
 *(.debug_aranges)
 .debug_aranges
                0x00000000       0x30 APP/app.o
 .debug_aranges
                0x00000030       0x38 ECUAL/leds/led.o
 .debug_aranges
                0x00000068       0x30 ECUAL/traffic_light/traffic.o
 .debug_aranges
                0x00000098       0x38 main.o
 .debug_aranges
                0x000000d0       0x50 MCAL/GPIO/Gpio.o
 .debug_aranges
                0x00000120       0x30 MCAL/INT/int.o
 .debug_aranges
                0x00000150       0x20 MCAL/TIMER/timer.o

.debug_pubnames
 *(.debug_pubnames)

.debug_info     0x00000000     0x1582
 *(.debug_info .gnu.linkonce.wi.*)
 .debug_info    0x00000000      0x4e6 C:/Program Files (x86)/Atmel/Studio/7.0/Packs/atmel/ATmega_DFP/1.7.374/gcc/dev/atmega32a/avr5/crtatmega32a.o
 .debug_info    0x000004e6      0x111 APP/app.o
 .debug_info    0x000005f7      0x203 ECUAL/leds/led.o
 .debug_info    0x000007fa      0x689 ECUAL/traffic_light/traffic.o
 .debug_info    0x00000e83      0x2f6 main.o
 .debug_info    0x00001179      0x264 MCAL/GPIO/Gpio.o
 .debug_info    0x000013dd       0xcb MCAL/INT/int.o
 .debug_info    0x000014a8       0xda MCAL/TIMER/timer.o

.debug_abbrev   0x00000000      0x902
 *(.debug_abbrev)
 .debug_abbrev  0x00000000      0x4a3 C:/Program Files (x86)/Atmel/Studio/7.0/Packs/atmel/ATmega_DFP/1.7.374/gcc/dev/atmega32a/avr5/crtatmega32a.o
 .debug_abbrev  0x000004a3       0x7d APP/app.o
 .debug_abbrev  0x00000520       0x8b ECUAL/leds/led.o
 .debug_abbrev  0x000005ab       0xbf ECUAL/traffic_light/traffic.o
 .debug_abbrev  0x0000066a      0x103 main.o
 .debug_abbrev  0x0000076d       0xcc MCAL/GPIO/Gpio.o
 .debug_abbrev  0x00000839       0x51 MCAL/INT/int.o
 .debug_abbrev  0x0000088a       0x78 MCAL/TIMER/timer.o

.debug_line     0x00000000      0xdbb
 *(.debug_line .debug_line.* .debug_line_end)
 .debug_line    0x00000000      0x116 C:/Program Files (x86)/Atmel/Studio/7.0/Packs/atmel/ATmega_DFP/1.7.374/gcc/dev/atmega32a/avr5/crtatmega32a.o
 .debug_line    0x00000116       0x9d APP/app.o
 .debug_line    0x000001b3       0xe9 ECUAL/leds/led.o
 .debug_line    0x0000029c      0x359 ECUAL/traffic_light/traffic.o
 .debug_line    0x000005f5      0x2c5 main.o
 .debug_line    0x000008ba      0x301 MCAL/GPIO/Gpio.o
 .debug_line    0x00000bbb       0xeb MCAL/INT/int.o
 .debug_line    0x00000ca6      0x115 MCAL/TIMER/timer.o

.debug_frame    0x00000000      0x288
 *(.debug_frame)
 .debug_frame   0x00000000       0x8c APP/app.o
 .debug_frame   0x0000008c       0x54 ECUAL/leds/led.o
 .debug_frame   0x000000e0       0x4c ECUAL/traffic_light/traffic.o
 .debug_frame   0x0000012c       0x64 main.o
 .debug_frame   0x00000190       0x84 MCAL/GPIO/Gpio.o
 .debug_frame   0x00000214       0x44 MCAL/INT/int.o
 .debug_frame   0x00000258       0x30 MCAL/TIMER/timer.o

.debug_str      0x00000000      0x58c
 *(.debug_str)
 .debug_str     0x00000000      0x196 C:/Program Files (x86)/Atmel/Studio/7.0/Packs/atmel/ATmega_DFP/1.7.374/gcc/dev/atmega32a/avr5/crtatmega32a.o
 .debug_str     0x00000196      0x1b2 APP/app.o
                                0x1e6 (size before relaxing)
 .debug_str     0x00000348       0x6c ECUAL/leds/led.o
                                0x1fe (size before relaxing)
 .debug_str     0x000003b4       0x91 ECUAL/traffic_light/traffic.o
                                0x270 (size before relaxing)
 .debug_str     0x00000445       0x73 main.o
                                0x24f (size before relaxing)
 .debug_str     0x000004b8       0x8e MCAL/GPIO/Gpio.o
                                0x267 (size before relaxing)
 .debug_str     0x00000546       0x1e MCAL/INT/int.o
                                0x1cc (size before relaxing)
 .debug_str     0x00000564       0x28 MCAL/TIMER/timer.o
                                0x1cf (size before relaxing)

.debug_loc      0x00000000      0x646
 *(.debug_loc)
 .debug_loc     0x00000000       0xcb APP/app.o
 .debug_loc     0x000000cb      0x108 ECUAL/leds/led.o
 .debug_loc     0x000001d3       0x22 ECUAL/traffic_light/traffic.o
 .debug_loc     0x000001f5       0x48 main.o
 .debug_loc     0x0000023d      0x3b0 MCAL/GPIO/Gpio.o
 .debug_loc     0x000005ed       0x59 MCAL/TIMER/timer.o

.debug_macinfo
 *(.debug_macinfo)

.debug_weaknames
 *(.debug_weaknames)

.debug_funcnames
 *(.debug_funcnames)

.debug_typenames
 *(.debug_typenames)

.debug_varnames
 *(.debug_varnames)

.debug_pubtypes
 *(.debug_pubtypes)

.debug_ranges   0x00000000      0x100
 *(.debug_ranges)
 .debug_ranges  0x00000000       0x20 APP/app.o
 .debug_ranges  0x00000020       0x28 ECUAL/leds/led.o
 .debug_ranges  0x00000048       0x20 ECUAL/traffic_light/traffic.o
 .debug_ranges  0x00000068       0x28 main.o
 .debug_ranges  0x00000090       0x40 MCAL/GPIO/Gpio.o
 .debug_ranges  0x000000d0       0x20 MCAL/INT/int.o
 .debug_ranges  0x000000f0       0x10 MCAL/TIMER/timer.o

.debug_macro
 *(.debug_macro)
OUTPUT(traffic light.elf elf32-avr)
LOAD linker stubs
